// Jest Snapshot v1, https://goo.gl/fbAQLP

exports[`is render Card component 1`] = `
<div
  className="card-container"
>
  <img
    alt="monster Clementina DuBuque"
    src="https://robohash.org/10?set=set2&size=180x180"
  />
  <h2>
    Clementina DuBuque
  </h2>
  <p>
    Rey.Padberg@karina.biz
  </p>
</div>
`;
